// Vitest Snapshot v1, https://vitest.dev/guide/snapshot.html

exports[`TreeSelect > should only allow leaf node selection when onlyLeafSelectable is true 1`] = `"<li class="semi-tree-option semi-tree-option-level-1 semi-tree-option-fullLabel-level-1 semi-tree-option-collapsed" role="treeitem"><span class="semi-tree-option-indent"></span><span class="semi-tree-option-indent"></span><span role="button" aria-label="Collapse the tree item" class="semi-icon semi-icon-small semi-icon-tree_triangle_down semi-tree-option-expand-icon"><svg viewBox="0 0 24 24" fill="none" xmlns="http://www.w3.org/2000/svg" width="1em" height="1em" focusable="false" aria-hidden="true"><path d="m20.56 9.66-7.8 8.97a1 1 0 0 1-1.51 0L3.44 9.66A1 1 0 0 1 4.19 8h15.62a1 1 0 0 1 .75 1.66Z" fill="currentColor"></path></svg></span>亚洲</li><li class="semi-tree-option semi-tree-option-level-1 semi-tree-option-fullLabel-level-1 semi-tree-option-collapsed semi-tree-option-tree-node-last-leaf" role="treeitem"><span class="semi-tree-option-indent"></span><span class="semi-tree-option-empty-icon"></span>北美洲</li>"`;
